// Jest Snapshot v1, https://goo.gl/fbAQLP

exports[`renderReport matches the recorded output 1`] = `
"
   ✓ Run complete  2 succeeded · 47.0s · $0.42

  Flagged
    ⚑ deploy-cfg     set STRIPE_WEBHOOK_SECRET before shipping
    ! gen-schema     migration locks users for ~30s
    · deploy-cfg     assumed utf8

  Outputs   /w/.baya/runs/r/tasks/gen-schema/output.md
"
`;

exports[`renderReport omits the Flagged section entirely when there are no notes 1`] = `
"
   ✓ Run complete  2 succeeded · 47.0s · $0.42

  Outputs   /w/.baya/runs/r/tasks
"
`;

exports[`the Next block — how to pick an unfinished run back up matches the recorded output 1`] = `
"
   ✗ Run failed  0 succeeded · 1 failed · 1 skipped · 47.0s · $0.42

  Outputs   /w/.baya/runs/r/tasks

  Next      baya resume 20260828T215204Z-a1f4c9-3182
            Picks up where this stopped: re-runs 1 failed and 1 skipped.
            The network was unreachable — check connectivity, a VPN or proxy, and that the
            registry or API the task needs is up.
"
`;
