// Jest Snapshot v1, https://goo.gl/fbAQLP

exports[`renderHelp matches the recorded help output 1`] = `
"baya — orchestrate local AI coding CLIs from a plain-text task list

USAGE
  baya <file> [options]           run a task list (default)
  baya run|plan <file>            explicit form
  baya doctor                     check provider installs
  baya config [--show|path|set|refresh-models]
  baya models [provider]          list effective catalog; optional provider filter; --json emits catalog as JSON
  baya runs                       list resumable runs, newest first; --json emits the rows
  baya resume [<runId>]           re-run a run's unfinished tasks; no id ⇒ pick from a list

PROVIDERS
  codex      ✗ not found — npm i -g @openai/codex

OPTIONS
  --dry-run                  render the plan and exit
  -y, --yes                  auto-confirm the plan gate
  --plan-out <f>             write the manifest and exit
  --plan-in <f>              execute a manifest directly, skipping planning
  --planner-provider <id>    provider that plans the task list
  --planner-model <m>        unset means the provider's own default
  --default-provider <id>    provider for tasks that name none
  --default-model <m>        unset means the provider's own default
  --max-tasks <n>            planner output ceiling (default 50)
  --context-strategy <s>     link-only (default) | truncate
  --context-budget <n>       total inline chars (default 12000)
  --no-memory                do not pass what earlier tasks learned
  --memory-budget <n>        memory block size in chars (default 1200)
  --group-size <n>           max tasks per provider process (default 3)
  --max-parallel <n>         global process concurrency (default min(4, cpus))
  --on-error <mode>          continue (default) | stop
  --retries <n>              extra attempts on a transient failure (default 1)
  --provider <id>            resume only: re-run the unfinished tasks elsewhere
  --dangerously-allow-all    full permission bypass
  --json                     machine-readable run report on stdout
  --log-level <l>            trace|debug|info|warn|error (default info)
  --verbose                  alias for --log-level debug
  --quiet                    alias for --log-level warn
  --no-progress              disable the spinner
  --no-color                 disable ANSI
  -v, --version              print the release version and exit

EXAMPLES
  baya ./tasks.md
  baya ./TODO.txt --default-provider codex
  baya ./tasks.md --dry-run          # show the plan, run nothing
  baya plan tasks.md --plan-out plan.json
  baya run tasks.md --plan-in plan.json --yes

  Run \`baya doctor\` to check installs, \`baya config\` to change defaults.
  Full reference: wiki-llm/cli.md
"
`;
